// Jest Snapshot v1, https://goo.gl/fbAQLP

exports[`Should correctly render login page 1`] = `
<div
  className="box-layout"
>
  <div
    className="box-layout__box"
  >
    <h1
      className="box-layout__title"
    >
      Expensify
    </h1>
    <p>
      It's time to get your expenses under control.
    </p>
    <div>
      Login with:
    </div>
    <div
      className="icons"
    >
      <button
        className="google button button--icon"
      >
        <img
          className="icon-buttons"
          src="/images/google-icon.png"
          title="Login with Google"
        />
      </button>
      <button
        className="fb button button--icon"
      >
        <img
          className="icon-buttons"
          src="/images/fb-icon.png"
          title="Login with Facebook"
        />
      </button>
    </div>
  </div>
</div>
`;
